
> worldart@0.1.0 build
> next build

??Next.js 16.1.6 (Turbopack)
- Environments: .env.local

  Creating an optimized production build ...
??Compiled successfully in 3.0s
  Running TypeScript ...
  Collecting page data using 15 workers ...
  Generating static pages using 15 workers (0/10) ...
  Generating static pages using 15 workers (2/10) 
  Generating static pages using 15 workers (4/10) 
  Generating static pages using 15 workers (7/10) 
node.exe : 殊?useSearchParams() should be wrapped in a suspense b
oundary at page "/worldcup". Read more: https://nextjs.org/docs/
messages/missing-suspense-with-csr-bailout
위치 줄:1 문자:1
+ & "C:\Program Files\nodejs/node.exe" "C:\Program Files\nodejs/
node_mo ...
+ ~~~~~~~~~~~~~~~~~~~~~~~~~~~~~~~~~~~~~~~~~~~~~~~~~~~~~~~~~~~~~~
~~~~~~~
    + CategoryInfo          : NotSpecified: (殊?useSearchPara... 
   ith-csr-bailout:String) [], RemoteException
    + FullyQualifiedErrorId : NativeCommandError
 
    at Q (C:\Users\lenovo\Desktop\worldart\.next\server\chunks\s
sr\node_modules_90752496._.js:2:2111)
    at o (C:\Users\lenovo\Desktop\worldart\.next\server\chunks\s
sr\node_modules_90752496._.js:4:5284)
    at r (C:\Users\lenovo\Desktop\worldart\.next\server\chunks\s
sr\_393c55f3._.js:1:2727)
    at an (C:\Users\lenovo\Desktop\worldart\node_modules\next\di
st\compiled\next-server\app-page-turbo.runtime.prod.js:2:84360)
    at ai (C:\Users\lenovo\Desktop\worldart\node_modules\next\di
st\compiled\next-server\app-page-turbo.runtime.prod.js:2:86179)
    at al (C:\Users\lenovo\Desktop\worldart\node_modules\next\di
st\compiled\next-server\app-page-turbo.runtime.prod.js:2:107953)
    at as (C:\Users\lenovo\Desktop\worldart\node_modules\next\di
st\compiled\next-server\app-page-turbo.runtime.prod.js:2:105368)
    at aa (C:\Users\lenovo\Desktop\worldart\node_modules\next\di
st\compiled\next-server\app-page-turbo.runtime.prod.js:2:84712)
    at ai (C:\Users\lenovo\Desktop\worldart\node_modules\next\di
st\compiled\next-server\app-page-turbo.runtime.prod.js:2:86228)
    at ai (C:\Users\lenovo\Desktop\worldart\node_modules\next\di
st\compiled\next-server\app-page-turbo.runtime.prod.js:2:104708)
Error occurred prerendering page "/worldcup". Read more: https:/
/nextjs.org/docs/messages/prerender-error
Export encountered an error on /worldcup/page: /worldcup, exitin
g the build.
殊?Next.js build worker exited with code: 1 and signal: null
